// Jest Snapshot v1, https://goo.gl/fbAQLP

exports[`pitäis tehdä snapshot 1`] = `
<DocumentFragment>
  <div
    class="App"
  >
    <h1>
      Testing testing ...
    </h1>
  </div>
</DocumentFragment>
`;
