// Jest Snapshot v1, https://goo.gl/fbAQLP

exports[`pitäis tehdä snapshot 1`] = `
<DocumentFragment>
  <div
    class="App"
  >
    <div>
      <p
        class="strong"
      >
        Anecdote of the Day
      </p>
      <div
        class="anecdote"
      >
        <p>
          If it hurts, do it more often.
        </p>
      </div>
      <hr />
      <p
        class="strong"
        data-testid="nappiJuttu2"
      >
        Choose random Anecdote
      </p>
      <div
        class="anecdoteBtn"
      >
        <button>
          Satunnainen anekdootti
        </button>
      </div>
      <hr />
      <p
        class="strong"
      >
        Press "Vote" if this is Your favourite
      </p>
      <p
        class="medium"
        data-testid="nappiJuttu"
      >
        Otherwise press "Next Anecdote"
      </p>
      <div
        class="voteBtn"
      >
        <button>
          Äänestä tätä anekdoottia
        </button>
      </div>
      <hr />
      <p
        class="strong"
      >
        Votes for each Anecdote
      </p>
      <div
        class="anecdoteVotes"
        id="anecdoteVotes"
      >
        <div
          class="anecdoteVote0 votes"
        >
          1.
          <span>
            If it hurts, do it more often.
          </span>
          <span>
            0 ääntä
          </span>
        </div>
        <div
          class="anecdoteVote1 votes"
        >
          2.
          <span>
            Adding manpower to a late software project makes it later!
          </span>
          <span>
            0 ääntä
          </span>
        </div>
        <div
          class="anecdoteVote2 votes"
        >
          3.
          <span>
            The first 90 percent of the code accounts for the first 90 percent of the development time...The remaining 10 percent of the code accounts for the other 90 percent of the development time.
          </span>
          <span>
            0 ääntä
          </span>
        </div>
        <div
          class="anecdoteVote3 votes"
        >
          4.
          <span>
            Any fool can write code that a computer can understand. Good programmers write code that humans can understand.
          </span>
          <span>
            0 ääntä
          </span>
        </div>
        <div
          class="anecdoteVote4 votes"
        >
          5.
          <span>
            Premature optimization is the root of all evil.
          </span>
          <span>
            0 ääntä
          </span>
        </div>
        <div
          class="anecdoteVote5 votes"
        >
          6.
          <span>
            Debugging is twice as hard as writing the code in the first place. Therefore, if you write the code as cleverly as possible, you are, by definition, not smart enough to debug it.
          </span>
          <span>
            0 ääntä
          </span>
        </div>
        <div
          class="anecdoteVote6 votes"
        >
          7.
          <span>
            Programming without an extremely heavy use of console.log is same as if a doctor would refuse to use x-rays or blood tests when diagnosing patients.
          </span>
          <span>
            0 ääntä
          </span>
        </div>
      </div>
    </div>
  </div>
</DocumentFragment>
`;
